Task 1 formal: 70 runs, max_evals=10000, 12 CPUs per run, 8 concurrent runs
[start] seed_1__main__uniform__swap
[start] seed_2__main__uniform__swap
[start] seed_3__main__uniform__swap
[start] seed_4__main__uniform__swap
[start] seed_5__main__uniform__swap
[done] seed_2__main__uniform__swap best=582747.607143
[done] seed_1__main__uniform__swap best=572396.500000
[done] seed_3__main__uniform__swap best=567591.857143
[done] seed_5__main__uniform__swap best=578188.910714
[done] seed_4__main__uniform__swap best=582604.392857
[start] seed_1__main__sbx__pm
[start] seed_1__sensitivity__uniform__pm_eta_15
[start] seed_1__main__sbx__shuffle
[start] seed_1__main__uniform__shift
[start] seed_1__main__sbx__random_resetting
[start] seed_1__sensitivity__sbx_eta_15__swap
[start] seed_1__main__sbx__shift
[start] seed_1__main__uniform__shuffle
[done] seed_1__main__sbx__random_resetting best=581898.303571
[parallel progress] 1/65
[start] seed_1__sensitivity__sbx_eta_5__swap
[done] seed_1__main__uniform__shift best=602943.732143
[parallel progress] 2/65
[start] seed_1__main__uniform__pm
[done] seed_1__main__sbx__shift best=598286.017857
[parallel progress] 3/65
[start] seed_1__sensitivity__uniform__pm_eta_5
[done] seed_1__main__uniform__shuffle best=578784.125000
[parallel progress] 4/65
[start] seed_1__main__sbx__swap
[done] seed_1__main__sbx__pm best=578009.946429
[parallel progress] 5/65
[start] seed_1__main__uniform__random_resetting
[done] seed_1__sensitivity__sbx_eta_15__swap best=581757.535714
[parallel progress] 6/65
[start] seed_2__main__sbx__shuffle
[done] seed_1__sensitivity__uniform__pm_eta_15 best=585832.821429
[parallel progress] 7/65
[start] seed_2__sensitivity__uniform__pm_eta_15
[done] seed_1__main__sbx__shuffle best=577149.946429
[parallel progress] 8/65
[start] seed_2__sensitivity__uniform__pm_eta_5
[done] seed_1__sensitivity__sbx_eta_5__swap best=583501.250000
[parallel progress] 9/65
[start] seed_2__main__sbx__swap
[done] seed_1__main__sbx__swap best=586460.321429
[parallel progress] 10/65
[start] seed_2__main__uniform__shuffle
[done] seed_1__main__uniform__random_resetting best=578563.625000
[parallel progress] 11/65
[start] seed_2__main__uniform__shift
[done] seed_2__main__sbx__shuffle best=581600.946429
[parallel progress] 12/65
[start] seed_2__main__sbx__random_resetting
[done] seed_1__main__uniform__pm best=581678.928571
[parallel progress] 13/65
[start] seed_2__main__uniform__pm
[done] seed_1__sensitivity__uniform__pm_eta_5 best=587475.107143
[parallel progress] 14/65
[start] seed_2__sensitivity__sbx_eta_5__swap
[done] seed_2__sensitivity__uniform__pm_eta_15 best=578854.071429
[parallel progress] 15/65
[start] seed_2__sensitivity__sbx_eta_15__swap
[done] seed_2__sensitivity__uniform__pm_eta_5 best=589226.642857
[parallel progress] 16/65
[start] seed_2__main__sbx__shift
[done] seed_2__main__uniform__shift best=596149.946429
[parallel progress] 17/65
[start] seed_2__main__uniform__random_resetting
[done] seed_2__main__sbx__swap best=574118.321429
[parallel progress] 18/65
[start] seed_2__main__sbx__pm
[done] seed_2__main__sbx__random_resetting best=580159.000000
[parallel progress] 19/65
[start] seed_3__main__sbx__swap
[done] seed_2__main__sbx__shift best=606925.428571
[parallel progress] 20/65
[start] seed_3__main__uniform__random_resetting
[done] seed_2__sensitivity__sbx_eta_15__swap best=579611.071429
[parallel progress] 21/65
[start] seed_3__main__uniform__pm
[done] seed_2__main__uniform__shuffle best=573760.517857
[parallel progress] 22/65
[start] seed_3__sensitivity__sbx_eta_5__swap
[done] seed_2__main__uniform__pm best=586854.142857
[parallel progress] 23/65
[start] seed_3__main__sbx__random_resetting
[done] seed_2__sensitivity__sbx_eta_5__swap best=581485.892857
[parallel progress] 24/65
[start] seed_3__main__sbx__pm
[done] seed_2__main__uniform__random_resetting best=586031.357143
[parallel progress] 25/65
[start] seed_3__sensitivity__uniform__pm_eta_15
[done] seed_3__main__sbx__swap best=576563.660714
[parallel progress] 26/65
[start] seed_3__main__uniform__shuffle
[done] seed_3__main__uniform__random_resetting best=567560.428571
[parallel progress] 27/65
[start] seed_3__sensitivity__sbx_eta_15__swap
[done] seed_3__sensitivity__sbx_eta_5__swap best=575861.892857
[parallel progress] 28/65
[start] seed_3__main__uniform__shift
[done] seed_3__main__sbx__random_resetting best=605198.875000
[parallel progress] 29/65
[start] seed_3__main__sbx__shift
[done] seed_2__main__sbx__pm best=587944.589286
[parallel progress] 30/65
[start] seed_3__sensitivity__uniform__pm_eta_5
[done] seed_3__main__uniform__pm best=580371.232143
[parallel progress] 31/65
[start] seed_3__main__sbx__shuffle
[done] seed_3__main__sbx__pm best=578634.071429
[parallel progress] 32/65
[start] seed_4__sensitivity__uniform__pm_eta_5
[done] seed_3__sensitivity__uniform__pm_eta_15 best=581343.303571
[parallel progress] 33/65
[start] seed_4__sensitivity__sbx_eta_15__swap
[done] seed_3__main__uniform__shift best=591312.839286
[parallel progress] 34/65
[start] seed_4__main__uniform__random_resetting
[done] seed_3__main__uniform__shuffle best=575371.678571
[parallel progress] 35/65
[start] seed_4__main__sbx__shift
[done] seed_3__main__sbx__shift best=604616.517857
[parallel progress] 36/65
[start] seed_4__sensitivity__uniform__pm_eta_15
[done] seed_3__sensitivity__sbx_eta_15__swap best=571896.875000
[parallel progress] 37/65
[start] seed_4__main__sbx__random_resetting
[done] seed_3__sensitivity__uniform__pm_eta_5 best=582608.625000
[parallel progress] 38/65
[start] seed_4__main__uniform__shuffle
[done] seed_3__main__sbx__shuffle best=569844.321429
[parallel progress] 39/65
[start] seed_4__main__sbx__shuffle
[done] seed_4__sensitivity__uniform__pm_eta_5 best=591548.535714
[parallel progress] 40/65
[start] seed_4__main__uniform__shift
[done] seed_4__sensitivity__sbx_eta_15__swap best=578291.571429
[parallel progress] 41/65
[start] seed_4__sensitivity__sbx_eta_5__swap
[done] seed_4__main__uniform__random_resetting best=579794.714286
[parallel progress] 42/65
[start] seed_4__main__sbx__swap
[done] seed_4__sensitivity__uniform__pm_eta_15 best=578195.696429
[parallel progress] 43/65
[start] seed_4__main__uniform__pm
[done] seed_4__main__sbx__shift best=593702.821429
[parallel progress] 44/65
[start] seed_4__main__sbx__pm
[done] seed_4__main__uniform__shuffle best=578262.571429
[parallel progress] 45/65
[start] seed_5__main__uniform__pm
[done] seed_4__main__sbx__shuffle best=576765.267857
[parallel progress] 46/65
[start] seed_5__sensitivity__uniform__pm_eta_5
[done] seed_4__main__sbx__random_resetting best=576511.196429
[parallel progress] 47/65
[start] seed_5__sensitivity__sbx_eta_15__swap
[done] seed_4__main__uniform__shift best=590748.767857
[parallel progress] 48/65
[start] seed_5__sensitivity__uniform__pm_eta_15
[done] seed_4__sensitivity__sbx_eta_5__swap best=586923.857143
[parallel progress] 49/65
[start] seed_5__main__uniform__shift
[done] seed_4__main__sbx__swap best=580195.446429
[parallel progress] 50/65
[start] seed_5__main__uniform__shuffle
[done] seed_4__main__uniform__pm best=578744.142857
[parallel progress] 51/65
[start] seed_5__main__sbx__swap
[done] seed_5__main__uniform__pm best=579293.767857
[parallel progress] 52/65
[start] seed_5__main__uniform__random_resetting
[done] seed_5__sensitivity__uniform__pm_eta_5 best=587610.178571
[parallel progress] 53/65
[start] seed_5__main__sbx__pm
[done] seed_4__main__sbx__pm best=581093.660714
[parallel progress] 54/65
[start] seed_5__main__sbx__shift
[done] seed_5__sensitivity__sbx_eta_15__swap best=593988.767857
[parallel progress] 55/65
[start] seed_5__sensitivity__sbx_eta_5__swap
[done] seed_5__sensitivity__uniform__pm_eta_15 best=582755.250000
[parallel progress] 56/65
[start] seed_5__main__sbx__shuffle
[done] seed_5__main__uniform__shift best=606491.875000
[parallel progress] 57/65
[start] seed_5__main__sbx__random_resetting
[done] seed_5__main__uniform__shuffle best=587003.910714
[parallel progress] 58/65
[done] seed_5__main__sbx__swap best=597730.303571
[parallel progress] 59/65
[done] seed_5__main__sbx__pm best=577243.089286
[parallel progress] 60/65
[done] seed_5__main__uniform__random_resetting best=578523.696429
[parallel progress] 61/65
[done] seed_5__sensitivity__sbx_eta_5__swap best=573558.196429
[parallel progress] 62/65
[done] seed_5__main__sbx__shift best=601012.910714
[parallel progress] 63/65
[done] seed_5__main__sbx__shuffle best=586886.839286
[parallel progress] 64/65
[done] seed_5__main__sbx__random_resetting best=590666.285714
[parallel progress] 65/65
{
  "complete_runs": 70,
  "main_runs": 50,
  "sensitivity_runs": 20,
  "output_directory": "/home/sihengzhao/t1/repo/experiments/task1_analysis"
}
